  Determining projects to restore...
  All projects are up-to-date for restore.
CSC : warning DX1001: For evaluation purposes only. Redistribution prohibited. If you own a licensed/registered version or if you are using a 30-day trial version of DevExpress product libraries on a development machine, download your personal license key (devexpress.com/DX1001) and place DevExpress_License.txt in the following folder: "%AppData%\DevExpress" (Windows) or "$HOME/Library/Application Support/DevExpress" (macOS) or "$HOME/.config/DevExpress" (Linux). Alternatively, download and run the DevExpress Unified Component Installer to automatically activate your license. (devexpress.com/DX1001) [C:\Users\user\payroll-api\PayrollApp\PayrollApp.csproj]
CSC : warning DX1000: For evaluation purposes only. Redistribution prohibited. Please purchase a license to continue use of the following DevExpress product libraries: DevExpress.Blazor* - Included in Subscriptions: Universal, DXperience, ASP.NET (devexpress.com/DX1000) [C:\Users\user\payroll-api\PayrollApp\PayrollApp.csproj]
C:\Users\user\payroll-api\PayrollApp\Pages\Index.razor(82,70): error CS1012: Too many characters in character literal [C:\Users\user\payroll-api\PayrollApp\PayrollApp.csproj]
C:\Users\user\payroll-api\PayrollApp\Components\EmployeeTable.razor(36,51): error CS1503: Argument 1: cannot convert from 'DevExpress.Blazor.GridDataColumnCellDisplayTemplateContext' to 'PayrollApp.Models.EmployeeViewModel' [C:\Users\user\payroll-api\PayrollApp\PayrollApp.csproj]
C:\Users\user\payroll-api\PayrollApp\obj\Debug\net8.0\Microsoft.CodeAnalysis.Razor.Compiler\Microsoft.NET.Sdk.Razor.SourceGenerators.RazorSourceGenerator\Components_EmployeeTable_razor.g.cs(198,199): error CS1662: Cannot convert lambda expression to intended delegate type because some of the return types in the block are not implicitly convertible to the delegate return type [C:\Users\user\payroll-api\PayrollApp\PayrollApp.csproj]
C:\Users\user\payroll-api\PayrollApp\Components\EmployeeTable.razor(41,27): error CS1061: 'GridDataColumnCellDisplayTemplateContext' does not contain a definition for 'HireDate' and no accessible extension method 'HireDate' accepting a first argument of type 'GridDataColumnCellDisplayTemplateContext' could be found (are you missing a using directive or an assembly reference?) [C:\Users\user\payroll-api\PayrollApp\PayrollApp.csproj]
C:\Users\user\payroll-api\PayrollApp\obj\Debug\net8.0\Microsoft.CodeAnalysis.Razor.Compiler\Microsoft.NET.Sdk.Razor.SourceGenerators.RazorSourceGenerator\Components_EmployeeTable_razor.g.cs(216,199): error CS1662: Cannot convert lambda expression to intended delegate type because some of the return types in the block are not implicitly convertible to the delegate return type [C:\Users\user\payroll-api\PayrollApp\PayrollApp.csproj]
C:\Users\user\payroll-api\PayrollApp\Components\EmployeeTable.razor(47,48): error CS1061: 'GridDataColumnCellDisplayTemplateContext' does not contain a definition for 'IsActive' and no accessible extension method 'IsActive' accepting a first argument of type 'GridDataColumnCellDisplayTemplateContext' could be found (are you missing a using directive or an assembly reference?) [C:\Users\user\payroll-api\PayrollApp\PayrollApp.csproj]
C:\Users\user\payroll-api\PayrollApp\Components\EmployeeTable.razor(48,47): error CS1061: 'GridDataColumnCellDisplayTemplateContext' does not contain a definition for 'IsActive' and no accessible extension method 'IsActive' accepting a first argument of type 'GridDataColumnCellDisplayTemplateContext' could be found (are you missing a using directive or an assembly reference?) [C:\Users\user\payroll-api\PayrollApp\PayrollApp.csproj]
C:\Users\user\payroll-api\PayrollApp\obj\Debug\net8.0\Microsoft.CodeAnalysis.Razor.Compiler\Microsoft.NET.Sdk.Razor.SourceGenerators.RazorSourceGenerator\Components_EmployeeTable_razor.g.cs(234,199): error CS1662: Cannot convert lambda expression to intended delegate type because some of the return types in the block are not implicitly convertible to the delegate return type [C:\Users\user\payroll-api\PayrollApp\PayrollApp.csproj]
C:\Users\user\payroll-api\PayrollApp\Components\EmployeeTable.razor(57,31): error CS0030: Cannot convert type 'DevExpress.Blazor.GridCommandColumnCellDisplayTemplateContext' to 'PayrollApp.Models.EmployeeViewModel' [C:\Users\user\payroll-api\PayrollApp\PayrollApp.csproj]
C:\Users\user\payroll-api\PayrollApp\obj\Debug\net8.0\Microsoft.CodeAnalysis.Razor.Compiler\Microsoft.NET.Sdk.Razor.SourceGenerators.RazorSourceGenerator\Components_EmployeeTable_razor.g.cs(272,201): error CS1662: Cannot convert lambda expression to intended delegate type because some of the return types in the block are not implicitly convertible to the delegate return type [C:\Users\user\payroll-api\PayrollApp\PayrollApp.csproj]
C:\Users\user\payroll-api\PayrollApp\Pages\EmployeeList.razor(33,51): error CS0103: The name 'ClearButtonDisplayMode' does not exist in the current context [C:\Users\user\payroll-api\PayrollApp\PayrollApp.csproj]
C:\Users\user\payroll-api\PayrollApp\obj\Debug\net8.0\Microsoft.CodeAnalysis.Razor.Compiler\Microsoft.NET.Sdk.Razor.SourceGenerators.RazorSourceGenerator\Pages_EmployeeList_razor.g.cs(129,163): error CS1662: Cannot convert lambda expression to intended delegate type because some of the return types in the block are not implicitly convertible to the delegate return type [C:\Users\user\payroll-api\PayrollApp\PayrollApp.csproj]

Build FAILED.

CSC : warning DX1001: For evaluation purposes only. Redistribution prohibited. If you own a licensed/registered version or if you are using a 30-day trial version of DevExpress product libraries on a development machine, download your personal license key (devexpress.com/DX1001) and place DevExpress_License.txt in the following folder: "%AppData%\DevExpress" (Windows) or "$HOME/Library/Application Support/DevExpress" (macOS) or "$HOME/.config/DevExpress" (Linux). Alternatively, download and run the DevExpress Unified Component Installer to automatically activate your license. (devexpress.com/DX1001) [C:\Users\user\payroll-api\PayrollApp\PayrollApp.csproj]
CSC : warning DX1000: For evaluation purposes only. Redistribution prohibited. Please purchase a license to continue use of the following DevExpress product libraries: DevExpress.Blazor* - Included in Subscriptions: Universal, DXperience, ASP.NET (devexpress.com/DX1000) [C:\Users\user\payroll-api\PayrollApp\PayrollApp.csproj]
C:\Users\user\payroll-api\PayrollApp\Pages\Index.razor(82,70): error CS1012: Too many characters in character literal [C:\Users\user\payroll-api\PayrollApp\PayrollApp.csproj]
C:\Users\user\payroll-api\PayrollApp\Components\EmployeeTable.razor(36,51): error CS1503: Argument 1: cannot convert from 'DevExpress.Blazor.GridDataColumnCellDisplayTemplateContext' to 'PayrollApp.Models.EmployeeViewModel' [C:\Users\user\payroll-api\PayrollApp\PayrollApp.csproj]
C:\Users\user\payroll-api\PayrollApp\obj\Debug\net8.0\Microsoft.CodeAnalysis.Razor.Compiler\Microsoft.NET.Sdk.Razor.SourceGenerators.RazorSourceGenerator\Components_EmployeeTable_razor.g.cs(198,199): error CS1662: Cannot convert lambda expression to intended delegate type because some of the return types in the block are not implicitly convertible to the delegate return type [C:\Users\user\payroll-api\PayrollApp\PayrollApp.csproj]
C:\Users\user\payroll-api\PayrollApp\Components\EmployeeTable.razor(41,27): error CS1061: 'GridDataColumnCellDisplayTemplateContext' does not contain a definition for 'HireDate' and no accessible extension method 'HireDate' accepting a first argument of type 'GridDataColumnCellDisplayTemplateContext' could be found (are you missing a using directive or an assembly reference?) [C:\Users\user\payroll-api\PayrollApp\PayrollApp.csproj]
C:\Users\user\payroll-api\PayrollApp\obj\Debug\net8.0\Microsoft.CodeAnalysis.Razor.Compiler\Microsoft.NET.Sdk.Razor.SourceGenerators.RazorSourceGenerator\Components_EmployeeTable_razor.g.cs(216,199): error CS1662: Cannot convert lambda expression to intended delegate type because some of the return types in the block are not implicitly convertible to the delegate return type [C:\Users\user\payroll-api\PayrollApp\PayrollApp.csproj]
C:\Users\user\payroll-api\PayrollApp\Components\EmployeeTable.razor(47,48): error CS1061: 'GridDataColumnCellDisplayTemplateContext' does not contain a definition for 'IsActive' and no accessible extension method 'IsActive' accepting a first argument of type 'GridDataColumnCellDisplayTemplateContext' could be found (are you missing a using directive or an assembly reference?) [C:\Users\user\payroll-api\PayrollApp\PayrollApp.csproj]
C:\Users\user\payroll-api\PayrollApp\Components\EmployeeTable.razor(48,47): error CS1061: 'GridDataColumnCellDisplayTemplateContext' does not contain a definition for 'IsActive' and no accessible extension method 'IsActive' accepting a first argument of type 'GridDataColumnCellDisplayTemplateContext' could be found (are you missing a using directive or an assembly reference?) [C:\Users\user\payroll-api\PayrollApp\PayrollApp.csproj]
C:\Users\user\payroll-api\PayrollApp\obj\Debug\net8.0\Microsoft.CodeAnalysis.Razor.Compiler\Microsoft.NET.Sdk.Razor.SourceGenerators.RazorSourceGenerator\Components_EmployeeTable_razor.g.cs(234,199): error CS1662: Cannot convert lambda expression to intended delegate type because some of the return types in the block are not implicitly convertible to the delegate return type [C:\Users\user\payroll-api\PayrollApp\PayrollApp.csproj]
C:\Users\user\payroll-api\PayrollApp\Components\EmployeeTable.razor(57,31): error CS0030: Cannot convert type 'DevExpress.Blazor.GridCommandColumnCellDisplayTemplateContext' to 'PayrollApp.Models.EmployeeViewModel' [C:\Users\user\payroll-api\PayrollApp\PayrollApp.csproj]
C:\Users\user\payroll-api\PayrollApp\obj\Debug\net8.0\Microsoft.CodeAnalysis.Razor.Compiler\Microsoft.NET.Sdk.Razor.SourceGenerators.RazorSourceGenerator\Components_EmployeeTable_razor.g.cs(272,201): error CS1662: Cannot convert lambda expression to intended delegate type because some of the return types in the block are not implicitly convertible to the delegate return type [C:\Users\user\payroll-api\PayrollApp\PayrollApp.csproj]
C:\Users\user\payroll-api\PayrollApp\Pages\EmployeeList.razor(33,51): error CS0103: The name 'ClearButtonDisplayMode' does not exist in the current context [C:\Users\user\payroll-api\PayrollApp\PayrollApp.csproj]
C:\Users\user\payroll-api\PayrollApp\obj\Debug\net8.0\Microsoft.CodeAnalysis.Razor.Compiler\Microsoft.NET.Sdk.Razor.SourceGenerators.RazorSourceGenerator\Pages_EmployeeList_razor.g.cs(129,163): error CS1662: Cannot convert lambda expression to intended delegate type because some of the return types in the block are not implicitly convertible to the delegate return type [C:\Users\user\payroll-api\PayrollApp\PayrollApp.csproj]
    2 Warning(s)
    12 Error(s)

Time Elapsed 00:00:05.64
